2026-08-01 18:47:36 [INFO] started at 2026-08-01T18:47:36+08:00
2026-08-01 18:47:36 [WARNING] robots.txt check failed; continuing cautiously: HTTPSConnectionPool(host='landchg.nlma.gov.tw', port=443): Max retries exceeded with url: /robots.txt (Caused by SSLError(SSLCertVerificationError(1, '[SSL: CERTIFICATE_VERIFY_FAILED] certificate verify failed: Missing Subject Key Identifier (_ssl.c:1077)')))
2026-08-01 18:47:36 [INFO] resuming from checkpoint: landchg_checkpoint.json
2026-08-01 18:47:36 [INFO] refresh-years: checkpoint backed up to landchg_checkpoint_backup_20260801_184736.json
2026-08-01 18:47:36 [INFO] refresh-years ['115']: removed 22 completed entries; they will be re-queried
2026-08-01 18:47:37 [ERROR] fatal top-level error: HTTPSConnectionPool(host='landchg.nlma.gov.tw', port=443): Max retries exceeded with url: /Module/RWD/Web/pub_exhibit.aspx (Caused by SSLError(SSLCertVerificationError(1, '[SSL: CERTIFICATE_VERIFY_FAILED] certificate verify failed: Missing Subject Key Identifier (_ssl.c:1077)')))
Traceback (most recent call last):
  File "C:\Users\WYC\AppData\Local\Python\pythoncore-3.14-64\Lib\site-packages\urllib3\connectionpool.py", line 464, in _make_request
    self._validate_conn(conn)
    ~~~~~~~~~~~~~~~~~~~^^^^^^
  File "C:\Users\WYC\AppData\Local\Python\pythoncore-3.14-64\Lib\site-packages\urllib3\connectionpool.py", line 1093, in _validate_conn
    conn.connect()
    ~~~~~~~~~~~~^^
  File "C:\Users\WYC\AppData\Local\Python\pythoncore-3.14-64\Lib\site-packages\urllib3\connection.py", line 790, in connect
    sock_and_verified = _ssl_wrap_socket_and_match_hostname(
        sock=sock,
    ...<14 lines>...
        assert_fingerprint=self.assert_fingerprint,
    )
  File "C:\Users\WYC\AppData\Local\Python\pythoncore-3.14-64\Lib\site-packages\urllib3\connection.py", line 969, in _ssl_wrap_socket_and_match_hostname
    ssl_sock = ssl_wrap_socket(
        sock=sock,
    ...<8 lines>...
        tls_in_tls=tls_in_tls,
    )
  File "C:\Users\WYC\AppData\Local\Python\pythoncore-3.14-64\Lib\site-packages\urllib3\util\ssl_.py", line 480, in ssl_wrap_socket
    ssl_sock = _ssl_wrap_socket_impl(sock, context, tls_in_tls, server_hostname)
  File "C:\Users\WYC\AppData\Local\Python\pythoncore-3.14-64\Lib\site-packages\urllib3\util\ssl_.py", line 524, in _ssl_wrap_socket_impl
    return ssl_context.wrap_socket(sock, server_hostname=server_hostname)
           ~~~~~~~~~~~~~~~~~~~~~~~^^^^^^^^^^^^^^^^^^^^^^^^^^^^^^^^^^^^^^^
  File "C:\Users\WYC\AppData\Local\Python\pythoncore-3.14-64\Lib\ssl.py", line 455, in wrap_socket
    return self.sslsocket_class._create(
           ~~~~~~~~~~~~~~~~~~~~~~~~~~~~^
        sock=sock,
        ^^^^^^^^^^
    ...<5 lines>...
        session=session
        ^^^^^^^^^^^^^^^
    )
    ^
  File "C:\Users\WYC\AppData\Local\Python\pythoncore-3.14-64\Lib\ssl.py", line 1076, in _create
    self.do_handshake()
    ~~~~~~~~~~~~~~~~~^^
  File "C:\Users\WYC\AppData\Local\Python\pythoncore-3.14-64\Lib\ssl.py", line 1372, in do_handshake
    self._sslobj.do_handshake()
    ~~~~~~~~~~~~~~~~~~~~~~~~~^^
ssl.SSLCertVerificationError: [SSL: CERTIFICATE_VERIFY_FAILED] certificate verify failed: Missing Subject Key Identifier (_ssl.c:1077)

During handling of the above exception, another exception occurred:

Traceback (most recent call last):
  File "C:\Users\WYC\AppData\Local\Python\pythoncore-3.14-64\Lib\site-packages\urllib3\connectionpool.py", line 787, in urlopen
    response = self._make_request(
        conn,
    ...<10 lines>...
        **response_kw,
    )
  File "C:\Users\WYC\AppData\Local\Python\pythoncore-3.14-64\Lib\site-packages\urllib3\connectionpool.py", line 488, in _make_request
    raise new_e
urllib3.exceptions.SSLError: [SSL: CERTIFICATE_VERIFY_FAILED] certificate verify failed: Missing Subject Key Identifier (_ssl.c:1077)

The above exception was the direct cause of the following exception:

Traceback (most recent call last):
  File "C:\Users\WYC\AppData\Local\Python\pythoncore-3.14-64\Lib\site-packages\requests\adapters.py", line 644, in send
    resp = conn.urlopen(
        method=request.method,
    ...<9 lines>...
        chunked=chunked,
    )
  File "C:\Users\WYC\AppData\Local\Python\pythoncore-3.14-64\Lib\site-packages\urllib3\connectionpool.py", line 841, in urlopen
    retries = retries.increment(
        method, url, error=new_e, _pool=self, _stacktrace=sys.exc_info()[2]
    )
  File "C:\Users\WYC\AppData\Local\Python\pythoncore-3.14-64\Lib\site-packages\urllib3\util\retry.py", line 519, in increment
    raise MaxRetryError(_pool, url, reason) from reason  # type: ignore[arg-type]
    ^^^^^^^^^^^^^^^^^^^^^^^^^^^^^^^^^^^^^^^^^^^^^^^^^^^
urllib3.exceptions.MaxRetryError: HTTPSConnectionPool(host='landchg.nlma.gov.tw', port=443): Max retries exceeded with url: /Module/RWD/Web/pub_exhibit.aspx (Caused by SSLError(SSLCertVerificationError(1, '[SSL: CERTIFICATE_VERIFY_FAILED] certificate verify failed: Missing Subject Key Identifier (_ssl.c:1077)')))

During handling of the above exception, another exception occurred:

Traceback (most recent call last):
  File "C:\Users\WYC\Downloads\pachung-20260801T094107Z-1-001\pachung\landchg_scraper.py", line 998, in main
    hidden_fields, years, cities, _ = fetch_initial_page(session, args.timeout, logger)
                                      ~~~~~~~~~~~~~~~~~~^^^^^^^^^^^^^^^^^^^^^^^^^^^^^^^
  File "C:\Users\WYC\Downloads\pachung-20260801T094107Z-1-001\pachung\landchg_scraper.py", line 553, in fetch_initial_page
    response = session.get(SOURCE_URL, timeout=timeout)
  File "C:\Users\WYC\AppData\Local\Python\pythoncore-3.14-64\Lib\site-packages\requests\sessions.py", line 602, in get
    return self.request("GET", url, **kwargs)
           ~~~~~~~~~~~~^^^^^^^^^^^^^^^^^^^^^^
  File "C:\Users\WYC\AppData\Local\Python\pythoncore-3.14-64\Lib\site-packages\requests\sessions.py", line 589, in request
    resp = self.send(prep, **send_kwargs)
  File "C:\Users\WYC\AppData\Local\Python\pythoncore-3.14-64\Lib\site-packages\requests\sessions.py", line 703, in send
    r = adapter.send(request, **kwargs)
  File "C:\Users\WYC\AppData\Local\Python\pythoncore-3.14-64\Lib\site-packages\requests\adapters.py", line 675, in send
    raise SSLError(e, request=request)
requests.exceptions.SSLError: HTTPSConnectionPool(host='landchg.nlma.gov.tw', port=443): Max retries exceeded with url: /Module/RWD/Web/pub_exhibit.aspx (Caused by SSLError(SSLCertVerificationError(1, '[SSL: CERTIFICATE_VERIFY_FAILED] certificate verify failed: Missing Subject Key Identifier (_ssl.c:1077)')))
